// Jest Snapshot v1, https://goo.gl/fbAQLP

exports[`<BuyContainer /> should snapshot should match previous 1`] = `<div />`;
